[INFO] [1781930944.928291547] [ros2_mavlink_bridge]: Bridge up: ROS_DOMAIN_ID=17, MAVLink 0.0.0.0:14551 -> 127.0.0.1:14550, ROS /cmd_vel <-> /odometry/filtered
[WARN] [1781930968.239684431] [ros2_mavlink_bridge]: [correlation] hold engaged: risk_score=0.75, reason=risk_score 0.75 >= threshold 0.75
[INFO] [1781930968.240723673] [ros2_mavlink_bridge]: [gnss_integrity] result=rejected, residual_m=2837.645170222998, fix_type=3, sats=12, reasons=['position residual 2837.65m > limit 30.00m']
[INFO] [1781930978.094752293] [ros2_mavlink_bridge]: Bridge up: ROS_DOMAIN_ID=17, MAVLink 0.0.0.0:14551 -> 127.0.0.1:14550, ROS /cmd_vel <-> /odometry/filtered
[INFO] [1781930981.063462178] [ros2_mavlink_bridge]: [mission_audit] {"ts": "2026-06-20T04:49:41Z", "event": "mission_upload_start", "result": "pending", "count": 1}
[INFO] [1781930981.362393850] [ros2_mavlink_bridge]: [mission_audit] {"ts": "2026-06-20T04:49:41Z", "event": "mission_item", "result": "received", "seq": 0, "command": 16, "lat": 37.5865, "lon": 126.998, "alt": 50.0}
[WARN] [1781930981.365793449] [ros2_mavlink_bridge]: [correlation] hold engaged: risk_score=0.75, reason=risk_score 0.75 >= threshold 0.75
[INFO] [1781930981.366669229] [ros2_mavlink_bridge]: [mission_audit] {"ts": "2026-06-20T04:49:41Z", "event": "mission_audit_result", "result": "rejected", "count": 1, "reasons": ["seq=0: geofence violation distance=2837.65m limit=300.00m", "seq=0: waypoint jump=2837.65m limit=120.00m"]}
[INFO] [1781931056.059130529] [ros2_mavlink_bridge]: Bridge up: ROS_DOMAIN_ID=17, MAVLink 0.0.0.0:14551 -> 127.0.0.1:14550, ROS /cmd_vel <-> /odometry/filtered
[WARN] [1781931058.904538416] [ros2_mavlink_bridge]: [correlation] hold engaged: risk_score=0.75, reason=risk_score 0.75 >= threshold 0.75
[INFO] [1781931058.905683026] [ros2_mavlink_bridge]: [gnss_integrity] result=rejected, residual_m=2837.645170222998, fix_type=3, sats=12, reasons=['position residual 2837.65m > limit 30.00m']
[WARN] [1781931059.982542365] [ros2_mavlink_bridge]: MANUAL_CONTROL blocked by correlation engine: risk_score=0.75, reasons=['correlation hold active']
[WARN] [1781931060.103294504] [ros2_mavlink_bridge]: MANUAL_CONTROL blocked by correlation engine: risk_score=0.75, reasons=['correlation hold active']
[WARN] [1781931060.202489987] [ros2_mavlink_bridge]: MANUAL_CONTROL blocked by correlation engine: risk_score=0.75, reasons=['correlation hold active']
[WARN] [1781931060.303356247] [ros2_mavlink_bridge]: MANUAL_CONTROL blocked by correlation engine: risk_score=0.75, reasons=['correlation hold active']
[WARN] [1781931060.403204693] [ros2_mavlink_bridge]: MANUAL_CONTROL blocked by correlation engine: risk_score=0.75, reasons=['correlation hold active']
[WARN] [1781931060.505814556] [ros2_mavlink_bridge]: MANUAL_CONTROL blocked by correlation engine: risk_score=0.75, reasons=['correlation hold active']
[WARN] [1781931060.604165331] [ros2_mavlink_bridge]: MANUAL_CONTROL blocked by correlation engine: risk_score=0.75, reasons=['correlation hold active']
[WARN] [1781931060.704016914] [ros2_mavlink_bridge]: MANUAL_CONTROL blocked by correlation engine: risk_score=0.75, reasons=['correlation hold active']
[WARN] [1781931060.803081517] [ros2_mavlink_bridge]: MANUAL_CONTROL blocked by correlation engine: risk_score=0.75, reasons=['correlation hold active']
[WARN] [1781931060.903212488] [ros2_mavlink_bridge]: MANUAL_CONTROL blocked by correlation engine: risk_score=0.75, reasons=['correlation hold active']
[WARN] [1781931061.004903895] [ros2_mavlink_bridge]: MANUAL_CONTROL blocked by correlation engine: risk_score=0.75, reasons=['correlation hold active']
[WARN] [1781931061.103035749] [ros2_mavlink_bridge]: MANUAL_CONTROL blocked by correlation engine: risk_score=0.75, reasons=['correlation hold active']
[WARN] [1781931061.202979416] [ros2_mavlink_bridge]: MANUAL_CONTROL blocked by correlation engine: risk_score=0.75, reasons=['correlation hold active']
[WARN] [1781931061.303777393] [ros2_mavlink_bridge]: MANUAL_CONTROL blocked by correlation engine: risk_score=0.75, reasons=['correlation hold active']
[WARN] [1781931061.405344695] [ros2_mavlink_bridge]: MANUAL_CONTROL blocked by correlation engine: risk_score=0.75, reasons=['correlation hold active']
[WARN] [1781931061.503299483] [ros2_mavlink_bridge]: MANUAL_CONTROL blocked by correlation engine: risk_score=0.75, reasons=['correlation hold active']
[WARN] [1781931061.603679271] [ros2_mavlink_bridge]: MANUAL_CONTROL blocked by correlation engine: risk_score=0.75, reasons=['correlation hold active']
[WARN] [1781931061.703148968] [ros2_mavlink_bridge]: MANUAL_CONTROL blocked by correlation engine: risk_score=0.75, reasons=['correlation hold active']
[WARN] [1781931061.802985461] [ros2_mavlink_bridge]: MANUAL_CONTROL blocked by correlation engine: risk_score=0.75, reasons=['correlation hold active']
[WARN] [1781931061.903552831] [ros2_mavlink_bridge]: MANUAL_CONTROL blocked by correlation engine: risk_score=0.75, reasons=['correlation hold active']
[WARN] [1781931062.007997036] [ros2_mavlink_bridge]: MANUAL_CONTROL blocked by correlation engine: risk_score=0.75, reasons=['correlation hold active']
[WARN] [1781931062.102756972] [ros2_mavlink_bridge]: MANUAL_CONTROL blocked by correlation engine: risk_score=0.75, reasons=['correlation hold active']
[WARN] [1781931062.203491695] [ros2_mavlink_bridge]: MANUAL_CONTROL blocked by correlation engine: risk_score=0.75, reasons=['correlation hold active']
[WARN] [1781931062.303002172] [ros2_mavlink_bridge]: MANUAL_CONTROL blocked by correlation engine: risk_score=0.75, reasons=['correlation hold active']
[WARN] [1781931062.404368900] [ros2_mavlink_bridge]: MANUAL_CONTROL blocked by correlation engine: risk_score=0.75, reasons=['correlation hold active']
[INFO] [1781931102.652442069] [ros2_mavlink_bridge]: Bridge up: ROS_DOMAIN_ID=17, MAVLink 0.0.0.0:14551 -> 127.0.0.1:14550, ROS /cmd_vel <-> /odometry/filtered
[INFO] [1781931105.534967658] [ros2_mavlink_bridge]: [mission_audit] {"ts": "2026-06-20T04:51:45Z", "event": "mission_upload_start", "result": "pending", "count": 1}
[INFO] [1781931105.833036398] [ros2_mavlink_bridge]: [mission_audit] {"ts": "2026-06-20T04:51:45Z", "event": "mission_item", "result": "received", "seq": 0, "command": 16, "lat": 37.5865, "lon": 126.998, "alt": 50.0}
[WARN] [1781931105.837220672] [ros2_mavlink_bridge]: [correlation] hold engaged: risk_score=0.75, reason=risk_score 0.75 >= threshold 0.75
[INFO] [1781931105.837764315] [ros2_mavlink_bridge]: [mission_audit] {"ts": "2026-06-20T04:51:45Z", "event": "mission_audit_result", "result": "rejected", "count": 1, "reasons": ["seq=0: geofence violation distance=2837.65m limit=300.00m", "seq=0: waypoint jump=2837.65m limit=120.00m"]}
[WARN] [1781931107.034375473] [ros2_mavlink_bridge]: MANUAL_CONTROL blocked by correlation engine: risk_score=0.75, reasons=['correlation hold active']
[WARN] [1781931107.132628256] [ros2_mavlink_bridge]: MANUAL_CONTROL blocked by correlation engine: risk_score=0.75, reasons=['correlation hold active']
[WARN] [1781931107.232291019] [ros2_mavlink_bridge]: MANUAL_CONTROL blocked by correlation engine: risk_score=0.75, reasons=['correlation hold active']
[WARN] [1781931107.352946663] [ros2_mavlink_bridge]: MANUAL_CONTROL blocked by correlation engine: risk_score=0.75, reasons=['correlation hold active']
[WARN] [1781931107.454327460] [ros2_mavlink_bridge]: MANUAL_CONTROL blocked by correlation engine: risk_score=0.75, reasons=['correlation hold active']
[WARN] [1781931107.552268727] [ros2_mavlink_bridge]: MANUAL_CONTROL blocked by correlation engine: risk_score=0.75, reasons=['correlation hold active']
[WARN] [1781931107.652804946] [ros2_mavlink_bridge]: MANUAL_CONTROL blocked by correlation engine: risk_score=0.75, reasons=['correlation hold active']
[WARN] [1781931107.754090697] [ros2_mavlink_bridge]: MANUAL_CONTROL blocked by correlation engine: risk_score=0.75, reasons=['correlation hold active']
[WARN] [1781931107.856658660] [ros2_mavlink_bridge]: MANUAL_CONTROL blocked by correlation engine: risk_score=0.75, reasons=['correlation hold active']
[WARN] [1781931107.953595330] [ros2_mavlink_bridge]: MANUAL_CONTROL blocked by correlation engine: risk_score=0.75, reasons=['correlation hold active']
[WARN] [1781931108.052963197] [ros2_mavlink_bridge]: MANUAL_CONTROL blocked by correlation engine: risk_score=0.75, reasons=['correlation hold active']
[WARN] [1781931108.152512377] [ros2_mavlink_bridge]: MANUAL_CONTROL blocked by correlation engine: risk_score=0.75, reasons=['correlation hold active']
[WARN] [1781931108.252621755] [ros2_mavlink_bridge]: MANUAL_CONTROL blocked by correlation engine: risk_score=0.75, reasons=['correlation hold active']
[WARN] [1781931108.353165367] [ros2_mavlink_bridge]: MANUAL_CONTROL blocked by correlation engine: risk_score=0.75, reasons=['correlation hold active']
[WARN] [1781931108.452303848] [ros2_mavlink_bridge]: MANUAL_CONTROL blocked by correlation engine: risk_score=0.75, reasons=['correlation hold active']
[WARN] [1781931108.553045611] [ros2_mavlink_bridge]: MANUAL_CONTROL blocked by correlation engine: risk_score=0.75, reasons=['correlation hold active']
[WARN] [1781931108.652862133] [ros2_mavlink_bridge]: MANUAL_CONTROL blocked by correlation engine: risk_score=0.75, reasons=['correlation hold active']
[WARN] [1781931108.752707068] [ros2_mavlink_bridge]: MANUAL_CONTROL blocked by correlation engine: risk_score=0.75, reasons=['correlation hold active']
[WARN] [1781931108.852262417] [ros2_mavlink_bridge]: MANUAL_CONTROL blocked by correlation engine: risk_score=0.75, reasons=['correlation hold active']
[WARN] [1781931108.952443105] [ros2_mavlink_bridge]: MANUAL_CONTROL blocked by correlation engine: risk_score=0.75, reasons=['correlation hold active']
[WARN] [1781931109.053912983] [ros2_mavlink_bridge]: MANUAL_CONTROL blocked by correlation engine: risk_score=0.75, reasons=['correlation hold active']
[WARN] [1781931109.152657439] [ros2_mavlink_bridge]: MANUAL_CONTROL blocked by correlation engine: risk_score=0.75, reasons=['correlation hold active']
[WARN] [1781931109.252532691] [ros2_mavlink_bridge]: MANUAL_CONTROL blocked by correlation engine: risk_score=0.75, reasons=['correlation hold active']
[WARN] [1781931109.352350264] [ros2_mavlink_bridge]: MANUAL_CONTROL blocked by correlation engine: risk_score=0.75, reasons=['correlation hold active']
[WARN] [1781931109.455176580] [ros2_mavlink_bridge]: MANUAL_CONTROL blocked by correlation engine: risk_score=0.75, reasons=['correlation hold active']
[INFO] [1781931115.374579198] [ros2_mavlink_bridge]: Bridge up: ROS_DOMAIN_ID=17, MAVLink 0.0.0.0:14551 -> 127.0.0.1:14550, ROS /cmd_vel <-> /odometry/filtered
[INFO] [1781931117.971951383] [ros2_mavlink_bridge]: [gnss_integrity] result=accepted, residual_m=2.3921871668825445, fix_type=3, sats=12, reasons=[]
