[INFO] [1781930944.928291547] [ros2_mavlink_bridge]: Bridge up: ROS_DOMAIN_ID=17, MAVLink 0.0.0.0:14551 -> 127.0.0.1:14550, ROS /cmd_vel <-> /odometry/filtered
[INFO] [1781930952.943114028] [ros2_mavlink_bridge]: odom received: x=-0.00, y=-0.00, z=0.00
[INFO] [1781930956.008627369] [ros2_mavlink_bridge]: odom received: x=0.00, y=0.00, z=0.00
[INFO] [1781930959.019258388] [ros2_mavlink_bridge]: odom received: x=0.00, y=0.00, z=0.00
[INFO] [1781930962.061178580] [ros2_mavlink_bridge]: odom received: x=0.00, y=0.00, z=0.00
[INFO] [1781930965.110461503] [ros2_mavlink_bridge]: odom received: x=0.00, y=-0.00, z=0.00
[INFO] [1781930968.114139349] [ros2_mavlink_bridge]: odom received: x=0.00, y=-0.00, z=0.00
[WARN] [1781930968.239684431] [ros2_mavlink_bridge]: [correlation] hold engaged: risk_score=0.75, reason=risk_score 0.75 >= threshold 0.75
[INFO] [1781930968.240723673] [ros2_mavlink_bridge]: [gnss_integrity] result=rejected, residual_m=2837.645170222998, fix_type=3, sats=12, reasons=['position residual 2837.65m > limit 30.00m']
[INFO] [1781930970.999151850] [ros2_mavlink_bridge]: PARAM_REQUEST_LIST -> sending minimal parameter set
[INFO] [1781930971.000963790] [ros2_mavlink_bridge]: PARAM_VALUE 1/46: SYSID_THISMAV=1.0
[INFO] [1781930971.002926633] [ros2_mavlink_bridge]: PARAM_VALUE 2/46: SYSID_MYGCS=255.0
[INFO] [1781930971.004539254] [ros2_mavlink_bridge]: PARAM_VALUE 3/46: MAV_TYPE=10.0
[INFO] [1781930971.005550851] [ros2_mavlink_bridge]: PARAM_VALUE 4/46: FRAME_CLASS=1.0
[INFO] [1781930971.006549795] [ros2_mavlink_bridge]: PARAM_VALUE 5/46: ARMING_CHECK=0.0
[INFO] [1781930971.007634904] [ros2_mavlink_bridge]: PARAM_VALUE 6/46: FS_GCS_ENABLE=0.0
[INFO] [1781930971.008222848] [ros2_mavlink_bridge]: PARAM_VALUE 7/46: INITIAL_MODE=0.0
[INFO] [1781930971.008844431] [ros2_mavlink_bridge]: PARAM_VALUE 8/46: RCMAP_ROLL=1.0
[INFO] [1781930971.009531573] [ros2_mavlink_bridge]: PARAM_VALUE 9/46: RCMAP_PITCH=2.0
[INFO] [1781930971.010438357] [ros2_mavlink_bridge]: PARAM_VALUE 10/46: RCMAP_THROTTLE=3.0
[INFO] [1781930971.011025109] [ros2_mavlink_bridge]: PARAM_VALUE 11/46: RCMAP_YAW=4.0
[INFO] [1781930971.011533646] [ros2_mavlink_bridge]: PARAM_VALUE 12/46: RC1_MIN=1000.0
[INFO] [1781930971.011968317] [ros2_mavlink_bridge]: PARAM_VALUE 13/46: RC1_MAX=2000.0
[INFO] [1781930971.012487482] [ros2_mavlink_bridge]: PARAM_VALUE 14/46: RC1_TRIM=1500.0
[INFO] [1781930971.013059718] [ros2_mavlink_bridge]: PARAM_VALUE 15/46: RC2_MIN=1000.0
[INFO] [1781930971.013607714] [ros2_mavlink_bridge]: PARAM_VALUE 16/46: RC2_MAX=2000.0
[INFO] [1781930971.014546792] [ros2_mavlink_bridge]: PARAM_VALUE 17/46: RC2_TRIM=1500.0
[INFO] [1781930971.015192037] [ros2_mavlink_bridge]: PARAM_VALUE 18/46: RC3_MIN=1000.0
[INFO] [1781930971.015754540] [ros2_mavlink_bridge]: PARAM_VALUE 19/46: RC3_MAX=2000.0
[INFO] [1781930971.016438100] [ros2_mavlink_bridge]: PARAM_VALUE 20/46: RC3_TRIM=1500.0
[INFO] [1781930971.017211521] [ros2_mavlink_bridge]: PARAM_VALUE 21/46: RC4_MIN=1000.0
[INFO] [1781930971.018063021] [ros2_mavlink_bridge]: PARAM_VALUE 22/46: RC4_MAX=2000.0
[INFO] [1781930971.018973824] [ros2_mavlink_bridge]: PARAM_VALUE 23/46: RC4_TRIM=1500.0
[INFO] [1781930971.019621077] [ros2_mavlink_bridge]: PARAM_VALUE 24/46: FLTMODE1=0.0
[INFO] [1781930971.020182815] [ros2_mavlink_bridge]: PARAM_VALUE 25/46: FLTMODE2=0.0
[INFO] [1781930971.020973021] [ros2_mavlink_bridge]: PARAM_VALUE 26/46: FLTMODE3=0.0
[INFO] [1781930971.021571528] [ros2_mavlink_bridge]: PARAM_VALUE 27/46: FLTMODE4=0.0
[INFO] [1781930971.022284238] [ros2_mavlink_bridge]: PARAM_VALUE 28/46: FLTMODE5=0.0
[INFO] [1781930971.022994531] [ros2_mavlink_bridge]: PARAM_VALUE 29/46: FLTMODE6=0.0
[INFO] [1781930971.023697313] [ros2_mavlink_bridge]: PARAM_VALUE 30/46: COMPASS_DEV_ID=0.0
[INFO] [1781930971.024305548] [ros2_mavlink_bridge]: PARAM_VALUE 31/46: COMPASS_DEV_ID2=0.0
[INFO] [1781930971.025027839] [ros2_mavlink_bridge]: PARAM_VALUE 32/46: COMPASS_DEV_ID3=0.0
[INFO] [1781930971.025674756] [ros2_mavlink_bridge]: PARAM_VALUE 33/46: COMPASS_DEC=0.0
[INFO] [1781930971.026330508] [ros2_mavlink_bridge]: PARAM_VALUE 34/46: COMPASS_OFS_X=0.0
[INFO] [1781930971.027030199] [ros2_mavlink_bridge]: PARAM_VALUE 35/46: COMPASS_OFS_Y=0.0
[INFO] [1781930971.027673389] [ros2_mavlink_bridge]: PARAM_VALUE 36/46: COMPASS_OFS_Z=0.0
[INFO] [1781930971.028395453] [ros2_mavlink_bridge]: PARAM_VALUE 37/46: COMPASS_OFS2_X=0.0
[INFO] [1781930971.028976489] [ros2_mavlink_bridge]: PARAM_VALUE 38/46: COMPASS_OFS2_Y=0.0
[INFO] [1781930971.029966930] [ros2_mavlink_bridge]: PARAM_VALUE 39/46: COMPASS_OFS2_Z=0.0
[INFO] [1781930971.030925412] [ros2_mavlink_bridge]: PARAM_VALUE 40/46: COMPASS_OFS3_X=0.0
[INFO] [1781930971.031764380] [ros2_mavlink_bridge]: PARAM_VALUE 41/46: COMPASS_OFS3_Y=0.0
[INFO] [1781930971.032368140] [ros2_mavlink_bridge]: PARAM_VALUE 42/46: COMPASS_OFS3_Z=0.0
[INFO] [1781930971.032970486] [ros2_mavlink_bridge]: PARAM_VALUE 43/46: INS_ACCOFFS_X=0.0
[INFO] [1781930971.034098996] [ros2_mavlink_bridge]: PARAM_VALUE 44/46: INS_ACCOFFS_Y=0.0
[INFO] [1781930971.035168832] [ros2_mavlink_bridge]: PARAM_VALUE 45/46: INS_ACCOFFS_Z=0.0
[INFO] [1781930971.036534655] [ros2_mavlink_bridge]: PARAM_VALUE 46/46: BATT_MONITOR=0.0
[INFO] [1781930971.176504579] [ros2_mavlink_bridge]: odom received: x=0.00, y=0.00, z=0.00
[INFO] [1781930974.232262600] [ros2_mavlink_bridge]: odom received: x=0.00, y=0.00, z=0.00
[INFO] [1781930977.321041633] [ros2_mavlink_bridge]: odom received: x=0.00, y=0.00, z=0.00
Traceback (most recent call last):
  File "/app/ros2_mavlink_bridge.py", line 471, in main
    rclpy.spin(node)
  File "/opt/ros/humble/local/lib/python3.10/dist-packages/rclpy/__init__.py", line 229, in spin
    executor.spin_once()
  File "/opt/ros/humble/local/lib/python3.10/dist-packages/rclpy/executors.py", line 808, in spin_once
    self._spin_once_impl(timeout_sec)
  File "/opt/ros/humble/local/lib/python3.10/dist-packages/rclpy/executors.py", line 797, in _spin_once_impl
    handler, entity, node = self.wait_for_ready_callbacks(timeout_sec=timeout_sec)
  File "/opt/ros/humble/local/lib/python3.10/dist-packages/rclpy/executors.py", line 780, in wait_for_ready_callbacks
    return next(self._cb_iter)
  File "/opt/ros/humble/local/lib/python3.10/dist-packages/rclpy/executors.py", line 681, in _wait_for_ready_callbacks
    raise ExternalShutdownException()
rclpy.executors.ExternalShutdownException

During handling of the above exception, another exception occurred:

Traceback (most recent call last):
  File "/app/ros2_mavlink_bridge.py", line 480, in <module>
    main()
  File "/app/ros2_mavlink_bridge.py", line 476, in main
    rclpy.shutdown()
  File "/opt/ros/humble/local/lib/python3.10/dist-packages/rclpy/__init__.py", line 130, in shutdown
    _shutdown(context=context)
  File "/opt/ros/humble/local/lib/python3.10/dist-packages/rclpy/utilities.py", line 58, in shutdown
    return context.shutdown()
  File "/opt/ros/humble/local/lib/python3.10/dist-packages/rclpy/context.py", line 102, in shutdown
    self.__context.shutdown()
rclpy._rclpy_pybind11.RCLError: failed to shutdown: rcl_shutdown already called on the given context, at ./src/rcl/init.c:241
[INFO] [1781930978.094752293] [ros2_mavlink_bridge]: Bridge up: ROS_DOMAIN_ID=17, MAVLink 0.0.0.0:14551 -> 127.0.0.1:14550, ROS /cmd_vel <-> /odometry/filtered
[INFO] [1781930980.045738909] [ros2_mavlink_bridge]: odom received: x=0.00, y=0.00, z=0.00
[INFO] [1781930981.063462178] [ros2_mavlink_bridge]: [mission_audit] {"ts": "2026-06-20T04:49:41Z", "event": "mission_upload_start", "result": "pending", "count": 1}
[INFO] [1781930981.362393850] [ros2_mavlink_bridge]: [mission_audit] {"ts": "2026-06-20T04:49:41Z", "event": "mission_item", "result": "received", "seq": 0, "command": 16, "lat": 37.5865, "lon": 126.998, "alt": 50.0}
[INFO] [1781930981.363622518] [ros2_mavlink_bridge]: MISSION_ACK result=14 reason=seq=0: geofence violation distance=2837.65m limit=300.00m; seq=0: waypoint jump=2837.65m limit=120.00m
[WARN] [1781930981.365793449] [ros2_mavlink_bridge]: [correlation] hold engaged: risk_score=0.75, reason=risk_score 0.75 >= threshold 0.75
[INFO] [1781930981.366669229] [ros2_mavlink_bridge]: [mission_audit] {"ts": "2026-06-20T04:49:41Z", "event": "mission_audit_result", "result": "rejected", "count": 1, "reasons": ["seq=0: geofence violation distance=2837.65m limit=300.00m", "seq=0: waypoint jump=2837.65m limit=120.00m"]}
[INFO] [1781930983.087250306] [ros2_mavlink_bridge]: odom received: x=0.00, y=0.00, z=0.00
[INFO] [1781930986.133114098] [ros2_mavlink_bridge]: odom received: x=0.00, y=0.00, z=0.00
[INFO] [1781930989.174916463] [ros2_mavlink_bridge]: odom received: x=0.00, y=0.00, z=0.00
[INFO] [1781930992.219436019] [ros2_mavlink_bridge]: odom received: x=0.00, y=0.00, z=0.00
[INFO] [1781930995.253996265] [ros2_mavlink_bridge]: odom received: x=0.00, y=0.00, z=0.00
[INFO] [1781930998.345338981] [ros2_mavlink_bridge]: odom received: x=0.00, y=0.00, z=0.00
[INFO] [1781931001.363039442] [ros2_mavlink_bridge]: odom received: x=0.00, y=0.00, z=0.00
[INFO] [1781931004.437566104] [ros2_mavlink_bridge]: odom received: x=0.00, y=0.00, z=0.00
[INFO] [1781931007.483326358] [ros2_mavlink_bridge]: odom received: x=0.00, y=0.00, z=0.00
[INFO] [1781931008.907766401] [ros2_mavlink_bridge]: odom received: x=0.00, y=0.00, z=0.00
[INFO] [1781931011.953682259] [ros2_mavlink_bridge]: odom received: x=0.00, y=0.00, z=0.00
[INFO] [1781931014.983020062] [ros2_mavlink_bridge]: odom received: x=0.00, y=0.00, z=0.00
[INFO] [1781931018.031366032] [ros2_mavlink_bridge]: odom received: x=0.00, y=0.00, z=0.00
[INFO] [1781931021.108210417] [ros2_mavlink_bridge]: odom received: x=0.00, y=0.00, z=0.00
[INFO] [1781931024.145566294] [ros2_mavlink_bridge]: odom received: x=0.00, y=0.00, z=0.00
[INFO] [1781931027.178302434] [ros2_mavlink_bridge]: odom received: x=0.00, y=0.00, z=0.00
[INFO] [1781931030.207431152] [ros2_mavlink_bridge]: odom received: x=0.00, y=0.00, z=0.00
[INFO] [1781931033.253667263] [ros2_mavlink_bridge]: odom received: x=0.00, y=0.00, z=0.00
[INFO] [1781931036.258681156] [ros2_mavlink_bridge]: odom received: x=0.00, y=0.00, z=0.00
[INFO] [1781931039.319778463] [ros2_mavlink_bridge]: odom received: x=0.00, y=0.00, z=0.00
[INFO] [1781931040.649477307] [ros2_mavlink_bridge]: odom received: x=0.00, y=0.00, z=0.00
[INFO] [1781931043.721897397] [ros2_mavlink_bridge]: odom received: x=0.00, y=0.00, z=0.00
[INFO] [1781931046.739313611] [ros2_mavlink_bridge]: odom received: x=0.00, y=0.00, z=0.00
[INFO] [1781931049.757697108] [ros2_mavlink_bridge]: odom received: x=0.00, y=0.00, z=0.00
[INFO] [1781931052.836240553] [ros2_mavlink_bridge]: odom received: x=0.00, y=0.00, z=0.00
Traceback (most recent call last):
  File "/app/ros2_mavlink_bridge.py", line 471, in main
    rclpy.spin(node)
  File "/opt/ros/humble/local/lib/python3.10/dist-packages/rclpy/__init__.py", line 229, in spin
    executor.spin_once()
  File "/opt/ros/humble/local/lib/python3.10/dist-packages/rclpy/executors.py", line 808, in spin_once
    self._spin_once_impl(timeout_sec)
  File "/opt/ros/humble/local/lib/python3.10/dist-packages/rclpy/executors.py", line 797, in _spin_once_impl
    handler, entity, node = self.wait_for_ready_callbacks(timeout_sec=timeout_sec)
  File "/opt/ros/humble/local/lib/python3.10/dist-packages/rclpy/executors.py", line 780, in wait_for_ready_callbacks
    return next(self._cb_iter)
  File "/opt/ros/humble/local/lib/python3.10/dist-packages/rclpy/executors.py", line 681, in _wait_for_ready_callbacks
    raise ExternalShutdownException()
rclpy.executors.ExternalShutdownException

During handling of the above exception, another exception occurred:

Traceback (most recent call last):
  File "/app/ros2_mavlink_bridge.py", line 480, in <module>
    main()
  File "/app/ros2_mavlink_bridge.py", line 476, in main
    rclpy.shutdown()
  File "/opt/ros/humble/local/lib/python3.10/dist-packages/rclpy/__init__.py", line 130, in shutdown
    _shutdown(context=context)
  File "/opt/ros/humble/local/lib/python3.10/dist-packages/rclpy/utilities.py", line 58, in shutdown
    return context.shutdown()
  File "/opt/ros/humble/local/lib/python3.10/dist-packages/rclpy/context.py", line 102, in shutdown
    self.__context.shutdown()
rclpy._rclpy_pybind11.RCLError: failed to shutdown: rcl_shutdown already called on the given context, at ./src/rcl/init.c:241
[INFO] [1781931056.059130529] [ros2_mavlink_bridge]: Bridge up: ROS_DOMAIN_ID=17, MAVLink 0.0.0.0:14551 -> 127.0.0.1:14550, ROS /cmd_vel <-> /odometry/filtered
[INFO] [1781931057.963430790] [ros2_mavlink_bridge]: odom received: x=0.00, y=0.00, z=0.00
[WARN] [1781931058.904538416] [ros2_mavlink_bridge]: [correlation] hold engaged: risk_score=0.75, reason=risk_score 0.75 >= threshold 0.75
[INFO] [1781931058.905683026] [ros2_mavlink_bridge]: [gnss_integrity] result=rejected, residual_m=2837.645170222998, fix_type=3, sats=12, reasons=['position residual 2837.65m > limit 30.00m']
[WARN] [1781931059.982542365] [ros2_mavlink_bridge]: MANUAL_CONTROL blocked by correlation engine: risk_score=0.75, reasons=['correlation hold active']
[WARN] [1781931060.103294504] [ros2_mavlink_bridge]: MANUAL_CONTROL blocked by correlation engine: risk_score=0.75, reasons=['correlation hold active']
[WARN] [1781931060.202489987] [ros2_mavlink_bridge]: MANUAL_CONTROL blocked by correlation engine: risk_score=0.75, reasons=['correlation hold active']
[WARN] [1781931060.303356247] [ros2_mavlink_bridge]: MANUAL_CONTROL blocked by correlation engine: risk_score=0.75, reasons=['correlation hold active']
[WARN] [1781931060.403204693] [ros2_mavlink_bridge]: MANUAL_CONTROL blocked by correlation engine: risk_score=0.75, reasons=['correlation hold active']
[WARN] [1781931060.505814556] [ros2_mavlink_bridge]: MANUAL_CONTROL blocked by correlation engine: risk_score=0.75, reasons=['correlation hold active']
[WARN] [1781931060.604165331] [ros2_mavlink_bridge]: MANUAL_CONTROL blocked by correlation engine: risk_score=0.75, reasons=['correlation hold active']
[WARN] [1781931060.704016914] [ros2_mavlink_bridge]: MANUAL_CONTROL blocked by correlation engine: risk_score=0.75, reasons=['correlation hold active']
[WARN] [1781931060.803081517] [ros2_mavlink_bridge]: MANUAL_CONTROL blocked by correlation engine: risk_score=0.75, reasons=['correlation hold active']
[WARN] [1781931060.903212488] [ros2_mavlink_bridge]: MANUAL_CONTROL blocked by correlation engine: risk_score=0.75, reasons=['correlation hold active']
[WARN] [1781931061.004903895] [ros2_mavlink_bridge]: MANUAL_CONTROL blocked by correlation engine: risk_score=0.75, reasons=['correlation hold active']
[INFO] [1781931061.032594859] [ros2_mavlink_bridge]: odom received: x=0.00, y=0.00, z=0.00
[WARN] [1781931061.103035749] [ros2_mavlink_bridge]: MANUAL_CONTROL blocked by correlation engine: risk_score=0.75, reasons=['correlation hold active']
[WARN] [1781931061.202979416] [ros2_mavlink_bridge]: MANUAL_CONTROL blocked by correlation engine: risk_score=0.75, reasons=['correlation hold active']
[WARN] [1781931061.303777393] [ros2_mavlink_bridge]: MANUAL_CONTROL blocked by correlation engine: risk_score=0.75, reasons=['correlation hold active']
[WARN] [1781931061.405344695] [ros2_mavlink_bridge]: MANUAL_CONTROL blocked by correlation engine: risk_score=0.75, reasons=['correlation hold active']
[WARN] [1781931061.503299483] [ros2_mavlink_bridge]: MANUAL_CONTROL blocked by correlation engine: risk_score=0.75, reasons=['correlation hold active']
[WARN] [1781931061.603679271] [ros2_mavlink_bridge]: MANUAL_CONTROL blocked by correlation engine: risk_score=0.75, reasons=['correlation hold active']
[WARN] [1781931061.703148968] [ros2_mavlink_bridge]: MANUAL_CONTROL blocked by correlation engine: risk_score=0.75, reasons=['correlation hold active']
[WARN] [1781931061.802985461] [ros2_mavlink_bridge]: MANUAL_CONTROL blocked by correlation engine: risk_score=0.75, reasons=['correlation hold active']
[WARN] [1781931061.903552831] [ros2_mavlink_bridge]: MANUAL_CONTROL blocked by correlation engine: risk_score=0.75, reasons=['correlation hold active']
[WARN] [1781931062.007997036] [ros2_mavlink_bridge]: MANUAL_CONTROL blocked by correlation engine: risk_score=0.75, reasons=['correlation hold active']
[WARN] [1781931062.102756972] [ros2_mavlink_bridge]: MANUAL_CONTROL blocked by correlation engine: risk_score=0.75, reasons=['correlation hold active']
[WARN] [1781931062.203491695] [ros2_mavlink_bridge]: MANUAL_CONTROL blocked by correlation engine: risk_score=0.75, reasons=['correlation hold active']
[WARN] [1781931062.303002172] [ros2_mavlink_bridge]: MANUAL_CONTROL blocked by correlation engine: risk_score=0.75, reasons=['correlation hold active']
[WARN] [1781931062.404368900] [ros2_mavlink_bridge]: MANUAL_CONTROL blocked by correlation engine: risk_score=0.75, reasons=['correlation hold active']
[INFO] [1781931064.102377859] [ros2_mavlink_bridge]: odom received: x=0.00, y=0.00, z=0.00
[INFO] [1781931067.118397274] [ros2_mavlink_bridge]: odom received: x=0.00, y=0.00, z=0.00
[INFO] [1781931070.119155598] [ros2_mavlink_bridge]: odom received: x=0.00, y=0.00, z=0.00
[INFO] [1781931071.476067365] [ros2_mavlink_bridge]: odom received: x=0.00, y=0.00, z=0.00
[INFO] [1781931074.511535752] [ros2_mavlink_bridge]: odom received: x=0.00, y=0.00, z=0.00
[INFO] [1781931077.565718957] [ros2_mavlink_bridge]: odom received: x=0.00, y=0.00, z=0.00
[INFO] [1781931080.616980743] [ros2_mavlink_bridge]: odom received: x=0.00, y=0.00, z=0.00
[INFO] [1781931083.685379673] [ros2_mavlink_bridge]: odom received: x=0.00, y=0.00, z=0.00
[INFO] [1781931086.698722675] [ros2_mavlink_bridge]: odom received: x=0.00, y=0.00, z=0.00
[INFO] [1781931089.779009357] [ros2_mavlink_bridge]: odom received: x=0.00, y=0.00, z=0.00
[INFO] [1781931092.849563846] [ros2_mavlink_bridge]: odom received: x=0.00, y=0.00, z=0.00
[INFO] [1781931095.873099378] [ros2_mavlink_bridge]: odom received: x=0.00, y=0.00, z=0.00
[INFO] [1781931098.957901068] [ros2_mavlink_bridge]: odom received: x=0.00, y=0.00, z=0.00
[INFO] [1781931100.340588269] [ros2_mavlink_bridge]: odom received: x=0.00, y=0.00, z=0.00
Traceback (most recent call last):
  File "/app/ros2_mavlink_bridge.py", line 471, in main
    rclpy.spin(node)
  File "/opt/ros/humble/local/lib/python3.10/dist-packages/rclpy/__init__.py", line 229, in spin
    executor.spin_once()
  File "/opt/ros/humble/local/lib/python3.10/dist-packages/rclpy/executors.py", line 808, in spin_once
    self._spin_once_impl(timeout_sec)
  File "/opt/ros/humble/local/lib/python3.10/dist-packages/rclpy/executors.py", line 797, in _spin_once_impl
    handler, entity, node = self.wait_for_ready_callbacks(timeout_sec=timeout_sec)
  File "/opt/ros/humble/local/lib/python3.10/dist-packages/rclpy/executors.py", line 780, in wait_for_ready_callbacks
    return next(self._cb_iter)
  File "/opt/ros/humble/local/lib/python3.10/dist-packages/rclpy/executors.py", line 653, in _wait_for_ready_callbacks
    wait_set = _rclpy.WaitSet(
rclpy._rclpy_pybind11.RCLError: failed to initialize wait set: the given context is not valid, either rcl_init() was not called or rcl_shutdown() was called., at ./src/rcl/wait.c:130

During handling of the above exception, another exception occurred:

Traceback (most recent call last):
  File "/app/ros2_mavlink_bridge.py", line 480, in <module>
    main()
  File "/app/ros2_mavlink_bridge.py", line 476, in main
    rclpy.shutdown()
  File "/opt/ros/humble/local/lib/python3.10/dist-packages/rclpy/__init__.py", line 130, in shutdown
    _shutdown(context=context)
  File "/opt/ros/humble/local/lib/python3.10/dist-packages/rclpy/utilities.py", line 58, in shutdown
    return context.shutdown()
  File "/opt/ros/humble/local/lib/python3.10/dist-packages/rclpy/context.py", line 102, in shutdown
    self.__context.shutdown()
rclpy._rclpy_pybind11.RCLError: failed to shutdown: rcl_shutdown already called on the given context, at ./src/rcl/init.c:241
[INFO] [1781931102.652442069] [ros2_mavlink_bridge]: Bridge up: ROS_DOMAIN_ID=17, MAVLink 0.0.0.0:14551 -> 127.0.0.1:14550, ROS /cmd_vel <-> /odometry/filtered
[INFO] [1781931105.360436692] [ros2_mavlink_bridge]: odom received: x=0.00, y=0.00, z=0.00
[INFO] [1781931105.534967658] [ros2_mavlink_bridge]: [mission_audit] {"ts": "2026-06-20T04:51:45Z", "event": "mission_upload_start", "result": "pending", "count": 1}
[INFO] [1781931105.833036398] [ros2_mavlink_bridge]: [mission_audit] {"ts": "2026-06-20T04:51:45Z", "event": "mission_item", "result": "received", "seq": 0, "command": 16, "lat": 37.5865, "lon": 126.998, "alt": 50.0}
[INFO] [1781931105.834472665] [ros2_mavlink_bridge]: MISSION_ACK result=14 reason=seq=0: geofence violation distance=2837.65m limit=300.00m; seq=0: waypoint jump=2837.65m limit=120.00m
[WARN] [1781931105.837220672] [ros2_mavlink_bridge]: [correlation] hold engaged: risk_score=0.75, reason=risk_score 0.75 >= threshold 0.75
[INFO] [1781931105.837764315] [ros2_mavlink_bridge]: [mission_audit] {"ts": "2026-06-20T04:51:45Z", "event": "mission_audit_result", "result": "rejected", "count": 1, "reasons": ["seq=0: geofence violation distance=2837.65m limit=300.00m", "seq=0: waypoint jump=2837.65m limit=120.00m"]}
[WARN] [1781931107.034375473] [ros2_mavlink_bridge]: MANUAL_CONTROL blocked by correlation engine: risk_score=0.75, reasons=['correlation hold active']
[WARN] [1781931107.132628256] [ros2_mavlink_bridge]: MANUAL_CONTROL blocked by correlation engine: risk_score=0.75, reasons=['correlation hold active']
[WARN] [1781931107.232291019] [ros2_mavlink_bridge]: MANUAL_CONTROL blocked by correlation engine: risk_score=0.75, reasons=['correlation hold active']
[WARN] [1781931107.352946663] [ros2_mavlink_bridge]: MANUAL_CONTROL blocked by correlation engine: risk_score=0.75, reasons=['correlation hold active']
[WARN] [1781931107.454327460] [ros2_mavlink_bridge]: MANUAL_CONTROL blocked by correlation engine: risk_score=0.75, reasons=['correlation hold active']
[WARN] [1781931107.552268727] [ros2_mavlink_bridge]: MANUAL_CONTROL blocked by correlation engine: risk_score=0.75, reasons=['correlation hold active']
[WARN] [1781931107.652804946] [ros2_mavlink_bridge]: MANUAL_CONTROL blocked by correlation engine: risk_score=0.75, reasons=['correlation hold active']
[WARN] [1781931107.754090697] [ros2_mavlink_bridge]: MANUAL_CONTROL blocked by correlation engine: risk_score=0.75, reasons=['correlation hold active']
[WARN] [1781931107.856658660] [ros2_mavlink_bridge]: MANUAL_CONTROL blocked by correlation engine: risk_score=0.75, reasons=['correlation hold active']
[WARN] [1781931107.953595330] [ros2_mavlink_bridge]: MANUAL_CONTROL blocked by correlation engine: risk_score=0.75, reasons=['correlation hold active']
[WARN] [1781931108.052963197] [ros2_mavlink_bridge]: MANUAL_CONTROL blocked by correlation engine: risk_score=0.75, reasons=['correlation hold active']
[WARN] [1781931108.152512377] [ros2_mavlink_bridge]: MANUAL_CONTROL blocked by correlation engine: risk_score=0.75, reasons=['correlation hold active']
[WARN] [1781931108.252621755] [ros2_mavlink_bridge]: MANUAL_CONTROL blocked by correlation engine: risk_score=0.75, reasons=['correlation hold active']
[WARN] [1781931108.353165367] [ros2_mavlink_bridge]: MANUAL_CONTROL blocked by correlation engine: risk_score=0.75, reasons=['correlation hold active']
[INFO] [1781931108.373066125] [ros2_mavlink_bridge]: odom received: x=0.00, y=0.00, z=0.00
[WARN] [1781931108.452303848] [ros2_mavlink_bridge]: MANUAL_CONTROL blocked by correlation engine: risk_score=0.75, reasons=['correlation hold active']
[WARN] [1781931108.553045611] [ros2_mavlink_bridge]: MANUAL_CONTROL blocked by correlation engine: risk_score=0.75, reasons=['correlation hold active']
[WARN] [1781931108.652862133] [ros2_mavlink_bridge]: MANUAL_CONTROL blocked by correlation engine: risk_score=0.75, reasons=['correlation hold active']
[WARN] [1781931108.752707068] [ros2_mavlink_bridge]: MANUAL_CONTROL blocked by correlation engine: risk_score=0.75, reasons=['correlation hold active']
[WARN] [1781931108.852262417] [ros2_mavlink_bridge]: MANUAL_CONTROL blocked by correlation engine: risk_score=0.75, reasons=['correlation hold active']
[WARN] [1781931108.952443105] [ros2_mavlink_bridge]: MANUAL_CONTROL blocked by correlation engine: risk_score=0.75, reasons=['correlation hold active']
[WARN] [1781931109.053912983] [ros2_mavlink_bridge]: MANUAL_CONTROL blocked by correlation engine: risk_score=0.75, reasons=['correlation hold active']
[WARN] [1781931109.152657439] [ros2_mavlink_bridge]: MANUAL_CONTROL blocked by correlation engine: risk_score=0.75, reasons=['correlation hold active']
[WARN] [1781931109.252532691] [ros2_mavlink_bridge]: MANUAL_CONTROL blocked by correlation engine: risk_score=0.75, reasons=['correlation hold active']
[WARN] [1781931109.352350264] [ros2_mavlink_bridge]: MANUAL_CONTROL blocked by correlation engine: risk_score=0.75, reasons=['correlation hold active']
[WARN] [1781931109.455176580] [ros2_mavlink_bridge]: MANUAL_CONTROL blocked by correlation engine: risk_score=0.75, reasons=['correlation hold active']
[INFO] [1781931111.390860339] [ros2_mavlink_bridge]: odom received: x=0.00, y=0.00, z=0.00
Traceback (most recent call last):
  File "/app/ros2_mavlink_bridge.py", line 471, in main
    rclpy.spin(node)
  File "/opt/ros/humble/local/lib/python3.10/dist-packages/rclpy/__init__.py", line 229, in spin
    executor.spin_once()
  File "/opt/ros/humble/local/lib/python3.10/dist-packages/rclpy/executors.py", line 808, in spin_once
    self._spin_once_impl(timeout_sec)
  File "/opt/ros/humble/local/lib/python3.10/dist-packages/rclpy/executors.py", line 797, in _spin_once_impl
    handler, entity, node = self.wait_for_ready_callbacks(timeout_sec=timeout_sec)
  File "/opt/ros/humble/local/lib/python3.10/dist-packages/rclpy/executors.py", line 780, in wait_for_ready_callbacks
    return next(self._cb_iter)
  File "/opt/ros/humble/local/lib/python3.10/dist-packages/rclpy/executors.py", line 681, in _wait_for_ready_callbacks
    raise ExternalShutdownException()
rclpy.executors.ExternalShutdownException

During handling of the above exception, another exception occurred:

Traceback (most recent call last):
  File "/app/ros2_mavlink_bridge.py", line 480, in <module>
    main()
  File "/app/ros2_mavlink_bridge.py", line 476, in main
    rclpy.shutdown()
  File "/opt/ros/humble/local/lib/python3.10/dist-packages/rclpy/__init__.py", line 130, in shutdown
    _shutdown(context=context)
  File "/opt/ros/humble/local/lib/python3.10/dist-packages/rclpy/utilities.py", line 58, in shutdown
    return context.shutdown()
  File "/opt/ros/humble/local/lib/python3.10/dist-packages/rclpy/context.py", line 102, in shutdown
    self.__context.shutdown()
rclpy._rclpy_pybind11.RCLError: failed to shutdown: rcl_shutdown already called on the given context, at ./src/rcl/init.c:241
[INFO] [1781931115.374579198] [ros2_mavlink_bridge]: Bridge up: ROS_DOMAIN_ID=17, MAVLink 0.0.0.0:14551 -> 127.0.0.1:14550, ROS /cmd_vel <-> /odometry/filtered
[INFO] [1781931115.377192608] [ros2_mavlink_bridge]: odom received: x=0.00, y=0.00, z=0.00
[INFO] [1781931117.971951383] [ros2_mavlink_bridge]: [gnss_integrity] result=accepted, residual_m=2.3921871668825445, fix_type=3, sats=12, reasons=[]
[INFO] [1781931118.399216059] [ros2_mavlink_bridge]: odom received: x=0.00, y=0.00, z=0.00
[INFO] [1781931121.456927836] [ros2_mavlink_bridge]: odom received: x=0.00, y=0.00, z=0.00
