[INFO] [launch]: All log files can be found below /root/.ros/log/2026-06-19-09-12-56-343887-Admin-1
[INFO] [launch]: Default logging verbosity is set to INFO
[INFO] [launch.user]: Spawning ROSbot
	Namespace: ''
	Initial pose: (-1.0, -2.0, 0.0, 0.0, 0.0, 0.0)
[INFO] [ign gazebo-1]: process started with pid [54]
[INFO] [parameter_bridge-2]: process started with pid [57]
[INFO] [parameter_bridge-3]: process started with pid [59]
[INFO] [create-4]: process started with pid [61]
[INFO] [parameter_bridge-5]: process started with pid [63]
[INFO] [parameter_bridge-6]: process started with pid [65]
[INFO] [robot_state_publisher-7]: process started with pid [67]
[INFO] [ekf_node-8]: process started with pid [69]
[INFO] [scan_to_scan_filter_chain-9]: process started with pid [71]
[robot_state_publisher-7] [INFO] [1781860375.837840906] [robot_state_publisher]: got segment base_link
[robot_state_publisher-7] [INFO] [1781860375.837954183] [robot_state_publisher]: got segment body_link
[robot_state_publisher-7] [INFO] [1781860375.837961707] [robot_state_publisher]: got segment camera_color_frame
[robot_state_publisher-7] [INFO] [1781860375.837964849] [robot_state_publisher]: got segment camera_color_optical_frame
[robot_state_publisher-7] [INFO] [1781860375.837967693] [robot_state_publisher]: got segment camera_depth_frame
[robot_state_publisher-7] [INFO] [1781860375.837970248] [robot_state_publisher]: got segment camera_depth_optical_frame
[robot_state_publisher-7] [INFO] [1781860375.837972789] [robot_state_publisher]: got segment camera_link
[robot_state_publisher-7] [INFO] [1781860375.837975360] [robot_state_publisher]: got segment camera_mount_link
[robot_state_publisher-7] [INFO] [1781860375.837978057] [robot_state_publisher]: got segment camera_orbbec_astra_link
[robot_state_publisher-7] [INFO] [1781860375.837980616] [robot_state_publisher]: got segment cover_link
[robot_state_publisher-7] [INFO] [1781860375.837983146] [robot_state_publisher]: got segment fl_range
[robot_state_publisher-7] [INFO] [1781860375.837985596] [robot_state_publisher]: got segment fl_wheel_link
[robot_state_publisher-7] [INFO] [1781860375.837988098] [robot_state_publisher]: got segment fr_range
[robot_state_publisher-7] [INFO] [1781860375.837990504] [robot_state_publisher]: got segment fr_wheel_link
[robot_state_publisher-7] [INFO] [1781860375.837992883] [robot_state_publisher]: got segment imu_link
[robot_state_publisher-7] [INFO] [1781860375.837995255] [robot_state_publisher]: got segment laser
[robot_state_publisher-7] [INFO] [1781860375.837997710] [robot_state_publisher]: got segment rl_range
[robot_state_publisher-7] [INFO] [1781860375.838000048] [robot_state_publisher]: got segment rl_wheel_link
[robot_state_publisher-7] [INFO] [1781860375.838002493] [robot_state_publisher]: got segment rr_range
[robot_state_publisher-7] [INFO] [1781860375.838004821] [robot_state_publisher]: got segment rr_wheel_link
[robot_state_publisher-7] [INFO] [1781860375.838007241] [robot_state_publisher]: got segment slamtec_rplidar_link
[create-4] [INFO] [1781860375.851805407] [ros_gz_sim]: Requesting list of world names.
[scan_to_scan_filter_chain-9] [WARN] [1781860375.853716252] [rcl.logging_rosout]: Publisher already registered for provided node name. If this is due to multiple nodes with the same name then all logs for that logger name will go out over the existing publisher. As soon as any node with that name is destructed it will unregister the publisher, preventing any further logs for that name from being published on the rosout topic.
[create-4] [INFO] [1781860376.205433684] [ros_gz_sim]: Waiting messages on topic [robot_description].
[create-4] [INFO] [1781860376.218468143] [ros_gz_sim]: Requested creation of entity.
[create-4] [INFO] [1781860376.218538814] [ros_gz_sim]: OK creation of entity.
[INFO] [create-4]: process has finished cleanly [pid 61]
[parameter_bridge-2] [INFO] [1781860376.899082488] [gz_bridge]: Creating GZ->ROS Bridge: [/clock (gz.msgs.Clock) -> /clock (rosgraph_msgs/msg/Clock)] (Lazy 0)
[parameter_bridge-3] [INFO] [1781860376.916085164] [rosbot_gz_bridge]: Creating GZ->ROS Bridge: [/cmd_vel (gz.msgs.Twist) -> /cmd_vel (geometry_msgs/msg/Twist)] (Lazy 0)
[parameter_bridge-5] [INFO] [1781860376.919085550] [LDR02_gz_bridge]: Creating GZ->ROS Bridge: [/scan (gz.msgs.LaserScan) -> /scan (sensor_msgs/msg/LaserScan)] (Lazy 1)
[parameter_bridge-6] [INFO] [1781860376.922766456] [camera_CAM01_gz_bridge]: Creating GZ->ROS Bridge: [/camera/color/camera_info (gz.msgs.CameraInfo) -> /camera/color/camera_info (sensor_msgs/msg/CameraInfo)] (Lazy 1)
[parameter_bridge-6] [INFO] [1781860376.924283839] [camera_CAM01_gz_bridge]: Creating GZ->ROS Bridge: [/camera/color/image_raw (gz.msgs.Image) -> /camera/color/image_raw (sensor_msgs/msg/Image)] (Lazy 1)
[parameter_bridge-6] [INFO] [1781860376.924812758] [camera_CAM01_gz_bridge]: Creating GZ->ROS Bridge: [/camera/depth/camera_info (gz.msgs.CameraInfo) -> /camera/depth/camera_info (sensor_msgs/msg/CameraInfo)] (Lazy 1)
[parameter_bridge-6] [INFO] [1781860376.925119568] [camera_CAM01_gz_bridge]: Creating GZ->ROS Bridge: [/camera/depth/image_raw (gz.msgs.Image) -> /camera/depth/image_raw (sensor_msgs/msg/Image)] (Lazy 1)
[parameter_bridge-6] [INFO] [1781860376.925364693] [camera_CAM01_gz_bridge]: Creating GZ->ROS Bridge: [/camera/depth/image_raw/points (gz.msgs.PointCloudPacked) -> /camera/depth/points (sensor_msgs/msg/PointCloud2)] (Lazy 1)
[ign gazebo-1] [INFO] [1781860378.029679480] [GazeboSimROS2ControlPlugin]: robot_param_node is robot_state_publisher
[ign gazebo-1] [INFO] [1781860378.029724218] [GazeboSimROS2ControlPlugin]: robot_param_node is robot_description
[ign gazebo-1] [INFO] [1781860378.113540524] [gz_ros2_control]: connected to service!! robot_state_publisher asking for robot_description
[ign gazebo-1] [INFO] [1781860378.114869623] [gz_ros2_control]: Received URDF from param server
[ign gazebo-1] [INFO] [1781860378.127887297] [gz_ros2_control]: The position_proportional_gain has been set to: 0.1
[ign gazebo-1] [INFO] [1781860378.128252424] [gz_ros2_control]: Loading joint: fl_wheel_joint
[ign gazebo-1] [INFO] [1781860378.128278599] [gz_ros2_control]: 	State:
[ign gazebo-1] [INFO] [1781860378.128286813] [gz_ros2_control]: 		 position
[ign gazebo-1] [INFO] [1781860378.128294658] [gz_ros2_control]: 		 velocity
[ign gazebo-1] [INFO] [1781860378.128300157] [gz_ros2_control]: 	Command:
[ign gazebo-1] [INFO] [1781860378.128305643] [gz_ros2_control]: 		 velocity
[ign gazebo-1] [INFO] [1781860378.128396387] [gz_ros2_control]: Loading joint: fr_wheel_joint
[ign gazebo-1] [INFO] [1781860378.128530308] [gz_ros2_control]: 	State:
[ign gazebo-1] [INFO] [1781860378.128585344] [gz_ros2_control]: 		 position
[ign gazebo-1] [INFO] [1781860378.128608774] [gz_ros2_control]: 		 velocity
[ign gazebo-1] [INFO] [1781860378.128626837] [gz_ros2_control]: 	Command:
[ign gazebo-1] [INFO] [1781860378.128643588] [gz_ros2_control]: 		 velocity
[ign gazebo-1] [INFO] [1781860378.128736454] [gz_ros2_control]: Loading joint: rl_wheel_joint
[ign gazebo-1] [INFO] [1781860378.128780637] [gz_ros2_control]: 	State:
[ign gazebo-1] [INFO] [1781860378.128788007] [gz_ros2_control]: 		 position
[ign gazebo-1] [INFO] [1781860378.128794823] [gz_ros2_control]: 		 velocity
[ign gazebo-1] [INFO] [1781860378.128799970] [gz_ros2_control]: 	Command:
[ign gazebo-1] [INFO] [1781860378.128882250] [gz_ros2_control]: 		 velocity
[ign gazebo-1] [INFO] [1781860378.128956201] [gz_ros2_control]: Loading joint: rr_wheel_joint
[ign gazebo-1] [INFO] [1781860378.128967355] [gz_ros2_control]: 	State:
[ign gazebo-1] [INFO] [1781860378.128975430] [gz_ros2_control]: 		 position
[ign gazebo-1] [INFO] [1781860378.128983331] [gz_ros2_control]: 		 velocity
[ign gazebo-1] [INFO] [1781860378.128990361] [gz_ros2_control]: 	Command:
[ign gazebo-1] [INFO] [1781860378.128997117] [gz_ros2_control]: 		 velocity
[ign gazebo-1] [INFO] [1781860378.129116631] [gz_ros2_control]: Loading sensor: imu
[ign gazebo-1] [INFO] [1781860378.129126476] [gz_ros2_control]: 	State:
[ign gazebo-1] [INFO] [1781860378.129149194] [gz_ros2_control]: 		 orientation.x
[ign gazebo-1] [INFO] [1781860378.129159086] [gz_ros2_control]: 		 orientation.y
[ign gazebo-1] [INFO] [1781860378.129166425] [gz_ros2_control]: 		 orientation.z
[ign gazebo-1] [INFO] [1781860378.129173637] [gz_ros2_control]: 		 orientation.w
[ign gazebo-1] [INFO] [1781860378.129181223] [gz_ros2_control]: 		 angular_velocity.x
[ign gazebo-1] [INFO] [1781860378.129188681] [gz_ros2_control]: 		 angular_velocity.y
[ign gazebo-1] [INFO] [1781860378.129195551] [gz_ros2_control]: 		 angular_velocity.z
[ign gazebo-1] [INFO] [1781860378.129202424] [gz_ros2_control]: 		 linear_acceleration.x
[ign gazebo-1] [INFO] [1781860378.129210018] [gz_ros2_control]: 		 linear_acceleration.y
[ign gazebo-1] [INFO] [1781860378.129596531] [gz_ros2_control]: 		 linear_acceleration.z
[ign gazebo-1] [INFO] [1781860378.129641135] [resource_manager]: Initialize hardware 'rosbot_system' 
[ign gazebo-1] [INFO] [1781860378.129678432] [resource_manager]: Successful initialization of hardware 'rosbot_system'
[ign gazebo-1] [INFO] [1781860378.129706681] [resource_manager]: 'configure' hardware 'rosbot_system' 
[ign gazebo-1] [INFO] [1781860378.129709181] [gz_ros2_control]: System Successfully configured!
[ign gazebo-1] [INFO] [1781860378.129715655] [resource_manager]: Successful 'configure' of hardware 'rosbot_system'
[ign gazebo-1] [INFO] [1781860378.129720226] [resource_manager]: 'activate' hardware 'rosbot_system' 
[ign gazebo-1] [INFO] [1781860378.129723256] [resource_manager]: Successful 'activate' of hardware 'rosbot_system'
[ign gazebo-1] [INFO] [1781860378.129727066] [gz_ros2_control]: Loading controller_manager
[ign gazebo-1] [WARN] [1781860378.176971400] [gz_ros2_control]:  Desired controller update period (0.01 s) is slower than the gazebo simulation period (0.001 s).
[ign gazebo-1] [INFO] [1781860378.763244316] [gz_ros2_control]: IMU imu has a topic name: imu/data_raw
[INFO] [spawner-10]: process started with pid [389]
[INFO] [spawner-11]: process started with pid [391]
[INFO] [spawner-12]: process started with pid [393]
[scan_to_scan_filter_chain-9] [WARN] [1781860379.904763223] [laser_filter]: diagnostic_updater: No HW_ID was set. This is probably a bug. Please report it. For devices that do not have a HW_ID, set this value to 'none'. This warning only occurs once all diagnostics are OK. It is okay to wait until the device is open before calling setHardwareID.
[ign gazebo-1] [INFO] [1781860380.092052139] [controller_manager]: Loading controller 'joint_state_broadcaster'
[ign gazebo-1] [INFO] [1781860380.120023065] [controller_manager]: Loading controller 'drive_controller'
[spawner-10] [INFO] [1781860380.133731728] [spawner_joint_state_broadcaster]: [94mLoaded [1mjoint_state_broadcaster[0m
[ign gazebo-1] [INFO] [1781860380.141084872] [controller_manager]: Configuring controller 'joint_state_broadcaster'
[ign gazebo-1] [INFO] [1781860380.141301444] [joint_state_broadcaster]: 'joints' or 'interfaces' parameter is empty. All available state interfaces will be published
[spawner-12] [INFO] [1781860380.158576233] [spawner_drive_controller]: [94mLoaded [1mdrive_controller[0m
[ign gazebo-1] [INFO] [1781860380.176026291] [controller_manager]: Loading controller 'imu_broadcaster'
[spawner-10] [INFO] [1781860380.176297518] [spawner_joint_state_broadcaster]: [92mConfigured and activated [1mjoint_state_broadcaster[0m
[ign gazebo-1] [INFO] [1781860380.196695648] [controller_manager]: Configuring controller 'drive_controller'
[spawner-11] [INFO] [1781860380.209737880] [spawner_imu_broadcaster]: [94mLoaded [1mimu_broadcaster[0m
[ign gazebo-1] [INFO] [1781860380.227692779] [controller_manager]: Configuring controller 'imu_broadcaster'
[spawner-12] [INFO] [1781860380.227985600] [spawner_drive_controller]: [92mConfigured and activated [1mdrive_controller[0m
[spawner-11] [INFO] [1781860380.261501329] [spawner_imu_broadcaster]: [92mConfigured and activated [1mimu_broadcaster[0m
[INFO] [spawner-10]: process has finished cleanly [pid 389]
[INFO] [spawner-12]: process has finished cleanly [pid 393]
[INFO] [spawner-11]: process has finished cleanly [pid 391]
